// Jest Snapshot v1, https://goo.gl/fbAQLP

exports[`<Result /> 컴포넌트 동률의 투표가 발생했을 경우의 렌더링 테스트 1`] = `
Array [
  <button
    className="btn-lg"
    onClick={[MockFunction]}
  >
    재투표
  </button>,
  <button
    className="btn-lg"
    onClick={[Function]}
  >
    밤이됩니다.
  </button>,
]
`;
